// Jest Snapshot v1, https://goo.gl/fbAQLP

exports[`contact renders correctly 1`] = `
<div>
  <header resume-url
          external-links
  >
  </header>
  <main class="main">
    <div class="container">
      <div class="row justify-content-center">
        <div class="col-12 col-md-10 col-lg-8 col-xl-7 col-xxl-6">
          <section class="contact">
            <div class="contact__heading text-center my-3">
              <h1>
                Contact
              </h1>
            </div>
            <form action="#"
                  method="POST"
                  class="contact__form py-3"
            >
              <div class="mb-3">
                <label for="fullname"
                       class="form-label contact__label"
                >
                  Full name
                </label>
                <input id="fullname"
                       type="text"
                       name="fullname"
                       required="required"
                       class="form-control contact__input"
                >
              </div>
              <div class="mb-3">
                <label for="email"
                       class="form-label contact__label"
                >
                  Email
                </label>
                <input id="email"
                       type="email"
                       name="email"
                       required="required"
                       class="form-control contact__input"
                >
              </div>
              <div class="mb-3">
                <label for="subject"
                       class="form-label contact__label"
                >
                  Subject
                </label>
                <input id="subject"
                       type="text"
                       name="subject"
                       required="required"
                       class="form-control contact__input"
                >
              </div>
              <div class="mb-3">
                <label for="message"
                       class="form-label contact__label"
                >
                  Message
                </label>
                <textarea id="message"
                          name="message"
                          rows="4"
                          required="required"
                          class="form-control contact__textarea"
                >
                </textarea>
              </div>
              <div class="d-flex justify-content-end">
                <button primary>
                  Submit
                  <icon-stub name="paperplane"
                             class="ms-1"
                  >
                  </icon-stub>
                </button>
              </div>
            </form>
            <hr>
            <div class="contact__details py-3">
              <p>
                Location
                <icon-stub name="location"
                           class="ms-1"
                >
                </icon-stub>
                :
                <span class="ms-2">
                  Example, USA.
                </span>
              </p>
              <p>
                Email
                <icon-stub name="email"
                           class="ms-1"
                >
                </icon-stub>
                :
                <a href="mailto:contact@example.com"
                   class="ms-2"
                >
                  contact@example.com
                </a>
              </p>
              <p>
                Phone
                <icon-stub name="phone"
                           class="ms-1"
                >
                </icon-stub>
                :
                <a href="tel:+1-555-555-0100"
                   class="ms-2"
                >
                  +1-555-555-0100
                </a>
              </p>
            </div>
          </section>
        </div>
      </div>
    </div>
  </main>
  <footer>
  </footer>
</div>
`;
