// Jest Snapshot v1, https://goo.gl/fbAQLP

exports[`Header renders correctly 1`] = `
<div class="container-fluid">
  <div tabindex="0"
       class="navbar__toggler"
  >
    <span>
    </span>
    <span>
    </span>
    <span>
    </span>
  </div>
  <nav class="navbar">
    <ul class="navbar__list">
      <li class="navbar__list-item">
        <nuxtlink-stub to="/"
                       class="navbar__link"
        >
          Home
        </nuxtlink-stub>
      </li>
      <li class="navbar__list-item">
        <nuxtlink-stub to="/about"
                       class="navbar__link"
        >
          About
        </nuxtlink-stub>
      </li>
      <li class="navbar__list-item">
        <nuxtlink-stub to="/projects"
                       class="navbar__link"
        >
          Projects
        </nuxtlink-stub>
      </li>
      <li class="navbar__list-item">
        <nuxtlink-stub to="/contact"
                       class="navbar__link"
        >
          Contact
        </nuxtlink-stub>
      </li>
    </ul>
    <ul class="navbar__list">
      <li class="navbar__list-item">
      </li>
    </ul>
  </nav>
</div>
`;
