// Jest Snapshot v1, https://goo.gl/fbAQLP

exports[`Icon should render properly 1`] = `
<svg-icon-stub name="test_name"
               title="Test title"
               desc="Test Desc"
>
</svg-icon-stub>
`;
